6.0;0.0;465355.76042857143;0.0;0;1103;0;-1103
12.0;0.5625;459228.718;7.940918419152084;0;0;0;0
18.0;4.515625;438726.5420000001;80.87442899076645;0;0;0;0
24.0;8.671875;376836.2382857144;110.0208186678922;0;0;0;0
30.0;16.578125;362866.4637142859;-24.726744026595412;0;9;0;-9
36.0;22.234375;378423.13671428576;-599.3776020032519;0;65;0;-65
42.0;24.09375;320701.61028571444;-3324.652116114645;0;331;0;-331
48.0;26.796875;308702.76142857154;-3002.8929434118136;0;292;0;-292
54.0;27.25;289184.5277142858;-3407.680781533889;0;327;0;-327
60.0;29.609375;305517.6272857145;-2703.075099618696;0;256;0;-256
66.0;26.6875;334872.13214285724;-2814.3172899749425;752;261;0;491
72.0;27.671875;341277.1064285716;-486.2612986825043;750;26;0;724
78.0;28.140625;373020.0605714287;-694.5333563724689;655;45;0;610
84.0;25.03125;322129.02400000003;-445.517655679123;630;11;0;619
90.0;26.15625;342914.0141428572;-362.3357055253837;640;7;0;633
96.0;29.8125;313814.0054285715;-440.28072469604376;708;7;0;701
102.0;29.265625;295492.35785714304;-428.9231730599313;837;3;0;834
108.0;36.546875;266626.5867142857;-1423.8736440055327;928;101;0;827
114.0;35.625;285270.15357142856;-2638.9784905945344;889;211;0;678
120.0;34.21875;322097.2280000002;-1045.2275804591154;923;48;0;875
126.0;29.296875;324539.260857143;-1033.0617941235978;736;44;0;692
132.0;24.8125;348410.10971428576;-735.2492911652735;577;27;0;550
138.0;20.484375;349003.7041428573;-429.58259925135644;510;1;0;509
144.0;13.921875;367044.1635714288;-393.1060482632711;469;0;0;469
150.0;11.21875;318663.35871428583;-249.29058524587526;466;0;0;466
156.0;11.828125;350470.56800000014;-158.46008482480102;574;0;0;574
162.0;8.46875;322211.3757142858;-195.52632793590965;784;0;0;784
168.0;12.3125;307200.6437142859;-48.23327668394268;1028;0;0;1028
174.0;15.53125;262847.292;-91.46065875894783;1194;0;0;1194
180.0;19.703125;272564.38328571443;-200.9840278240299;1193;5;0;1188
186.0;17.03125;350085.8061428573;-2316.3201250566162;885;215;0;670
192.0;16.21875;373179.7931428573;-1290.138192264094;986;134;0;852
198.0;17.203125;337952.9350000002;-793.5621468277786;865;86;0;779
204.0;20.5625;380798.3532857144;-1451.5710750989674;769;137;0;632
210.0;21.0;377255.7575714288;-800.9049488304518;784;73;0;711
216.0;23.671875;358618.22028571443;-853.2891356571781;756;72;0;684
222.0;24.390625;299808.92671428586;-705.8223905191917;780;45;0;735
228.0;26.90625;287338.6814285715;-840.5961476371231;876;47;0;829
234.0;26.609375;279822.04328571435;-1651.4567237054653;820;120;0;700
240.0;26.796875;298106.36557142873;-1030.9089216324282;735;52;0;683
246.0;28.125;328066.74514285725;-696.008289536825;746;20;0;726
252.0;33.15625;335796.5891428574;-621.2636067266503;693;22;0;671
258.0;31.796875;362949.7381428573;-944.1132016961856;577;53;0;524
264.0;34.40625;343146.99257142865;-752.3923899999863;667;38;0;629
270.0;33.578125;311815.55214285734;-1358.373595333709;648;95;0;553
276.0;35.890625;302230.4454285716;-1347.6231605198118;655;92;0;563
282.0;34.953125;292352.0470000001;-878.513614010888;791;47;0;744
288.0;34.984375;317439.7851428571;-2236.1515537950254;738;180;0;558
294.0;31.171875;344114.6672857143;-2292.954551228977;753;180;0;573
300.0;26.5;320647.0905714287;-1307.7643002846453;777;84;0;693
306.0;22.71875;318197.7632857145;-244.5996799426939;777;1;0;776
312.0;17.5;329041.37928571436;-175.93905641951278;752;0;0;752
318.0;15.484375;378721.1832857145;23.95224746561871;788;0;0;788
324.0;14.34375;388322.47814285726;-1121.9518414177874;785;123;0;662
330.0;18.328125;369441.72128571436;-4.523881355809863;876;20;0;856
336.0;21.609375;350676.81828571437;-1536.0830049100987;950;150;0;800
342.0;28.515625;332503.8647142859;-1074.3434327910072;1062;102;0;960
348.0;29.765625;306409.8005714287;-1731.4193941394988;1104;149;0;955
354.0;26.796875;344140.95642857155;-3007.7912745362555;866;253;0;613
360.0;23.84375;302199.9612857144;-1277.4214136377923;870;84;0;786
366.0;19.5625;307822.6857142858;-716.9455911824261;660;26;0;634
372.0;13.59375;343303.5452857145;-457.99061834621534;485;0;0;485
378.0;10.34375;353924.4440000002;-361.25647848376684;416;0;0;416
384.0;10.875;340264.8641428572;-209.4890348140034;483;0;0;483
390.0;10.921875;313489.98585714295;-220.47877800483548;532;0;0;532
396.0;16.421875;293228.3822857143;-173.7327189498028;623;0;0;623
402.0;17.796875;316401.5077142858;-189.38573871451808;825;1;0;824
408.0;27.046875;259077.5187142858;-718.1253008806161;930;51;0;879
414.0;26.78125;298582.59928571444;-2950.493835741523;806;251;0;555
420.0;32.203125;265712.3042857143;-1711.2315928547177;887;134;0;753
426.0;34.25;272466.06185714295;-667.082478581855;864;26;0;838
432.0;36.140625;325742.36128571443;-660.6486303177662;762;19;0;743
438.0;30.078125;373396.0200000002;-1593.8376295257476;596;127;0;469
444.0;25.859375;313933.3987142858;-876.9880681900831;637;64;0;573
450.0;23.875;380160.4097142859;-1211.2805520002294;635;116;0;519
456.0;21.15625;355502.75528571446;-640.2634404156415;820;64;0;756
462.0;23.21875;340574.548857143;-621.2655429218285;925;65;0;860
468.0;25.484375;281360.11100000015;-2145.5096901775687;1055;216;0;839
474.0;29.265625;295987.8427142858;-2132.0630401121016;1050;196;0;854
480.0;26.25;360495.4702857145;-2899.6458888964553;888;266;0;622
486.0;25.5625;358016.3542857145;-1228.1075906004844;874;100;0;774
492.0;23.71875;389710.2025714287;-1663.5684893277357;613;136;0;477
498.0;22.40625;369312.1134285715;-1223.1853220284538;619;90;0;529
504.0;22.859375;335439.2298571431;-428.01371889575967;570;9;0;561
510.0;20.0625;350267.99885714304;-343.3430490783212;533;6;0;527
516.0;20.890625;325106.1271428573;-258.7622726601112;617;0;0;617
522.0;20.890625;287471.69857142866;-359.9245847493876;739;0;0;739
528.0;19.234375;287610.48357142863;-417.7774667258054;780;0;0;780
534.0;20.6875;232284.94885714285;-538.352254566722;852;0;0;852
540.0;17.125;286141.4232857143;-672.7109983885894;755;0;0;755
546.0;14.171875;303171.0412857144;-551.5439811534015;622;5;0;617
552.0;13.4375;360287.5901428573;-287.6955870648235;576;2;0;574
558.0;18.296875;340039.75657142885;-205.09810867501074;616;1;0;615
564.0;25.96875;336423.8357142859;-313.8545246099966;775;17;0;758
570.0;27.8125;330710.90528571437;-1519.0595444828941;720;128;0;592
576.0;31.171875;339358.5305714287;-896.5855546170496;872;67;0;805
582.0;30.390625;303838.8491428572;-1022.7102415211411;972;77;0;895
588.0;31.8125;325565.2541428573;-1046.618202828875;1180;83;0;1097
594.0;32.53125;300916.3988571429;-437.7427438224404;1234;13;0;1221
600.0;32.9375;293743.59528571443;-352.81480143113004;1168;9;0;1159
606.0;29.546875;315352.70942857163;-1528.626028166298;860;107;0;753
612.0;23.796875;366807.28900000016;-2380.7673869353603;606;205;0;401
618.0;26.296875;388313.89100000024;-1675.4501910391991;584;146;0;438
624.0;24.3125;346296.2322857144;-741.3751830952096;678;52;0;626
630.0;25.3125;299942.04085714306;-1160.1786127172236;694;96;0;598
636.0;29.328125;347999.2781428573;-541.2186487088038;787;26;0;761
642.0;28.578125;306578.6802857144;-2090.0200835638243;762;172;0;590
648.0;29.046875;368347.6204285716;-1929.0611143590359;864;153;0;711
654.0;28.234375;279185.5590000001;-2465.082194845163;813;209;0;604
660.0;25.484375;288098.2450000001;-1004.1319357352768;754;53;0;701
666.0;20.921875;301644.7931428572;-494.26837316820456;683;3;0;680
672.0;15.46875;342054.9057142858;-346.85974340949906;480;0;0;480
678.0;10.09375;347745.7065714287;-348.1122325113247;431;0;0;431
684.0;7.4375;349780.1362857144;-231.23420618167438;404;0;0;404
690.0;6.546875;331197.771857143;-142.72533273277804;537;0;0;537
696.0;8.484375;285796.179;-42.554841370045324;690;0;0;690
702.0;13.984375;280653.85385714297;-30.281329838588135;942;0;0;942
708.0;22.25;266814.4168571429;-76.91017303513945;1176;0;0;1176
714.0;25.484375;292114.3482857143;-1700.6017895706027;1194;149;0;1045
720.0;23.0;340802.0975714287;-2324.6492649528227;1032;213;0;819
726.0;22.15625;333676.6104285715;-1729.5897073807428;953;166;0;787
732.0;17.96875;367811.7150000002;-1030.189797784289;815;102;0;713
738.0;17.828125;345197.3710000001;-2178.284514966668;639;210;0;429
744.0;17.21875;328553.51671428577;-372.70647087789257;786;29;0;757
750.0;15.4375;347607.3925714287;-173.2898778689414;724;8;0;716
756.0;14.96875;327973.30071428587;-104.71942900844442;755;2;0;753
762.0;16.59375;283249.20100000006;-194.82142073794967;765;3;0;762
768.0;21.3125;286897.43400000007;-248.45974606004893;938;2;0;936
774.0;27.109375;281486.89942857146;-484.0475123919023;1009;4;0;1005
780.0;29.0;312599.3411428573;-1890.173225456354;814;137;0;677
786.0;31.78125;293912.69828571443;-826.3901258862898;834;32;0;802
792.0;36.984375;325803.707857143;-567.6231480034476;726;14;0;712
798.0;33.46875;338354.1045714286;-895.2421194976341;651;39;0;612
804.0;31.15625;320637.2127142858;-820.316182732553;576;49;0;527
810.0;30.28125;327307.3318571429;-1198.3440677806793;569;80;0;489
816.0;28.203125;323418.94028571446;-762.5932425824576;564;30;0;534
822.0;26.765625;280352.363;-490.35956414876273;732;2;0;730
828.0;27.609375;270794.5564285715;-550.3089563013345;868;4;0;864
834.0;24.703125;312899.95085714303;-531.9790752324916;939;5;0;934
840.0;21.140625;337260.67771428585;-765.974541641277;859;29;0;830
846.0;20.3125;298892.0120000001;-1269.3451160544937;783;95;0;688
852.0;18.328125;368594.7177142858;-1738.017017819715;714;150;0;564
858.0;21.0625;409592.49914285727;-844.5111693385697;823;73;0;750
864.0;19.59375;373318.1071428574;-2398.506201016542;780;225;0;555
870.0;21.921875;350547.9812857145;-1052.2965061731811;940;102;0;838
876.0;20.671875;319826.76871428575;-3094.606685743667;789;292;0;497
882.0;19.9375;332822.18342857156;-2350.9491108026123;816;218;0;598
888.0;21.484375;345379.0771428573;-3236.630495621881;749;304;0;445
894.0;20.8125;268794.0717142859;-2177.4699075485696;874;195;0;679
900.0;19.8125;304818.55828571436;-288.3845028152864;865;0;0;865
906.0;17.03125;316486.6722857145;-408.9517032110598;707;0;0;707
912.0;10.296875;377560.97542857163;-407.4799146040168;445;0;0;445
918.0;9.953125;367393.4185714287;-251.64724832127104;493;0;0;493
924.0;11.40625;385084.32942857157;-202.74401675586705;577;1;0;576
930.0;18.890625;337410.4072857144;-86.47111266039428;638;10;0;628
936.0;24.90625;329166.33142857155;-274.56144327117363;716;26;0;690
942.0;24.671875;334633.5087142858;-2034.6525272971776;686;226;0;460
948.0;26.0;306739.80642857146;-3471.360904251429;694;308;0;386
954.0;28.125;330145.74414285726;-3728.793049321568;667;306;0;361
960.0;27.25;315948.92757142865;-2752.4325884673744;653;211;0;442
966.0;26.1875;323080.5187142858;-1817.1194495891104;644;112;0;532
972.0;22.703125;333089.98671428586;-1609.2530846929585;548;116;0;432
978.0;24.03125;338800.89157142874;-1074.743472973234;567;84;0;483
984.0;22.234375;349034.49971428583;-1047.4328925832233;596;93;0;503
990.0;21.171875;367462.11957142875;-1911.8272462914756;562;181;0;381
996.0;23.390625;336555.60442857153;-1703.776888904482;748;191;0;557
1002.0;25.96875;345704.92342857155;-3778.41511070836;857;348;0;509
1008.0;26.890625;310192.68442857155;-4025.257093627559;925;349;0;576
1014.0;27.8125;329636.6404285716;-5419.279645781557;915;466;0;449
1020.0;29.9375;318662.86457142874;-3456.147027618368;966;314;0;652
1026.0;27.03125;355308.617857143;-2985.675647730881;794;228;0;566
1032.0;24.28125;364819.80900000007;-1056.6911865319707;626;55;0;571
1038.0;19.78125;350281.2260000001;-615.3154316252912;536;31;0;505
1044.0;15.46875;340069.95042857155;-657.6087305630499;445;53;0;392
1050.0;11.828125;383660.6504285716;-986.7944954058621;379;53;0;326
1056.0;11.359375;329796.67828571436;-1628.3512680411804;447;145;0;302
1062.0;11.3125;340378.25914285734;-1565.8736929946754;489;146;0;343
1068.0;12.3125;312357.42714285717;-2512.8364026930067;612;206;0;406
1074.0;14.9375;301131.47542857146;-2321.3912197779573;741;199;0;542
1080.0;14.953125;322323.81328571436;-2014.6704924658407;746;128;0;618
1086.0;16.6875;335075.9192857144;-2154.531588571379;611;120;0;491
1092.0;20.109375;366151.6744285716;-1331.350360826531;608;86;0;522
1098.0;21.03125;321739.85614285734;-1017.5456730082224;624;60;0;564
1104.0;20.046875;378836.8784285715;-1381.070347839821;548;121;0;427
1110.0;23.015625;385178.4580000001;-2212.174032808718;553;175;0;378
1116.0;23.984375;350931.3344285715;-2492.554505993292;642;224;0;418
1122.0;24.875;314998.33842857153;-2229.298731545743;752;229;0;523
1128.0;25.46875;283268.58071428566;-3094.5602093309863;861;288;0;573
1134.0;26.640625;313106.88328571443;-3596.5034911690163;878;283;0;595
1140.0;22.421875;356023.28914285736;-4724.85777461488;714;416;0;298
1146.0;23.640625;319152.28971428593;-3237.537682325579;776;268;0;508
1152.0;27.328125;364028.3091428573;-2142.747877425427;759;203;0;556
1158.0;29.78125;327281.71528571437;-1966.1058761636086;745;160;0;585
1164.0;31.140625;315693.7957142859;-2619.249814504554;643;198;0;445
1170.0;27.84375;365392.15057142876;-2341.9065418941027;567;212;0;355
1176.0;30.375;334426.46457142866;-2869.6024821794417;556;246;0;310
1182.0;31.09375;296141.8645714287;-3251.8347301890026;571;291;0;280
1188.0;28.453125;294286.62942857144;-2838.707409678522;684;246;0;438
1194.0;27.625;323985.97542857146;-2695.278301093087;688;197;0;491
1200.0;19.546875;329809.1710000001;-2595.679427037976;559;107;0;452
1206.0;12.171875;333923.1451428573;-1512.145828500681;505;60;0;445
1212.0;7.296875;359023.9915714287;-1088.6416081601637;431;39;0;392
1218.0;7.5;375947.71871428593;-503.43584978053696;407;24;0;383
1224.0;10.484375;355917.6841428573;-807.0088850933535;513;64;0;449
1230.0;11.84375;374377.49028571445;-1365.3971840099548;503;84;0;419
1236.0;15.109375;339241.9167142858;-1935.7862866086653;629;177;0;452
1242.0;17.6875;354372.8705714287;-2781.9360019648448;715;241;0;474
1248.0;18.1875;300543.53742857155;-3607.7218867009506;838;319;0;519
1254.0;20.125;270737.1491428573;-2750.658895303379;1025;238;0;787
1260.0;15.328125;304239.0257142858;-2313.6586993776145;860;183;0;677
1266.0;16.625;339642.03728571447;-322.070009746647;954;15;0;939
1272.0;11.921875;323846.2865714287;-142.66560879640747;827;12;0;815
1278.0;11.40625;338549.76742857153;-52.905895967327524;758;6;0;752
1284.0;11.640625;327926.17242857156;-97.45853475126205;718;18;0;700
1290.0;13.9375;327329.44714285724;-220.2147005982697;704;36;0;668
1296.0;16.90625;337044.5082857143;-510.42549013654934;772;47;0;725
1302.0;21.296875;275265.15285714297;-761.7770311405766;883;65;0;818
1308.0;29.296875;288241.9654285715;-683.7143430072465;1036;37;0;999
1314.0;34.375;285976.1474285715;-659.6990877718199;1128;14;0;1114
1320.0;33.390625;286775.8137142858;-2683.1266596274218;823;199;0;624
1326.0;27.09375;306041.08157142875;-2257.0495400936343;659;156;0;503
1332.0;28.5625;386969.2744285717;-885.883504541649;543;41;0;502
1338.0;25.40625;330865.1522857145;-946.9179969380493;476;60;0;416
1344.0;24.015625;369011.9514285716;-486.5413649879047;491;17;0;474
1350.0;24.859375;339859.550857143;-444.4962641297607;473;7;0;466
1356.0;21.8125;309724.8891428572;-385.1944597705733;558;2;0;556
1362.0;25.40625;293945.13642857154;-436.5779835670255;753;0;0;753
1368.0;27.78125;283546.4015714286;-473.3100702269585;905;2;0;903
1374.0;27.0625;287564.5315714287;-549.3799990806147;1023;0;0;1023
1380.0;26.453125;317490.7184285716;-1019.2651256590616;951;47;0;904
1386.0;26.125;315470.87885714305;-1678.3941764383344;873;136;0;737
1392.0;17.9375;342257.0210000002;-2494.110063092492;716;214;0;502
1398.0;19.78125;367959.3870000002;-1577.6246692840941;815;159;0;656
1404.0;19.328125;399223.35928571445;-2045.8662323500612;700;200;0;500
1410.0;19.515625;341532.04514285724;-776.1932033372577;874;70;0;804
1416.0;16.59375;365017.5501428572;-2989.8386550218565;653;286;0;367
1422.0;17.140625;292331.993857143;-1706.6521318466985;790;164;0;626
1428.0;17.1875;299035.8950000001;-929.0738176091108;954;76;0;878
1434.0;16.078125;309157.38042857166;-2189.717858914635;813;193;0;620
1440.0;14.265625;324489.77900000004;-699.0297710265731;794;40;0;754
1446.0;12.125;324687.4010000002;-581.3649177734042;673;35;0;638
1452.0;13.046875;342244.4190000002;-282.49792728060856;605;9;0;596
1458.0;13.34375;352659.37842857145;-437.19408444326837;548;23;0;525
1464.0;16.984375;302446.08885714295;-611.1821722228196;678;41;0;637
1470.0;19.171875;357441.8042857143;-1035.9795472323895;608;82;0;526
1476.0;23.921875;299413.08728571446;-462.67627499694936;743;19;0;724
1482.0;29.96875;298805.2132857143;-467.1650032582693;796;13;0;783
1488.0;28.5625;281127.8314285716;-866.9127010194352;827;48;0;779
1494.0;28.296875;309540.3094285715;-1943.2852884835447;778;138;0;640
1500.0;31.78125;289927.8534285716;-1032.8826487577753;715;49;0;666
1506.0;27.359375;276982.5308571429;-790.9593692569179;661;29;0;632
1512.0;27.59375;323527.815857143;-1131.940693905286;580;75;0;505
1518.0;28.875;371442.52014285733;-399.03958103753394;653;14;0;639
1524.0;27.53125;390434.93971428584;-1548.3607388254022;663;136;0;527
1530.0;32.375;353786.1300000002;-1523.633988837013;815;143;0;672
1536.0;34.28125;338204.67171428585;-2422.9125202830764;949;217;0;732
1542.0;31.265625;393332.42057142867;-4263.53189188207;851;394;0;457
1548.0;31.96875;355617.8382857145;-4126.195224373369;941;393;0;548
1554.0;32.625;287822.42857142864;-3262.644640839717;1050;291;0;759
1560.0;27.703125;315177.3051428573;-2241.634153230465;847;182;0;665
1566.0;24.40625;320978.1741428573;-847.5546945251408;741;57;0;684
1572.0;20.8125;341958.9287142859;-538.9926642641658;591;27;0;564
1578.0;15.625;352660.1492857144;-394.13426796969725;503;4;0;499
1584.0;13.25;355907.17871428584;-321.0235861390247;493;0;0;493
1590.0;10.65625;333814.4401428572;-295.8935465258546;493;0;0;493
1596.0;12.5625;341094.43714285723;-286.265986268525;589;6;0;583
1602.0;16.703125;322633.76114285726;-510.60113748395815;742;96;0;646
1608.0;18.578125;321768.5124285716;-2635.9339909536648;742;220;0;522
1614.0;18.5;313927.1711428573;-2830.025904505863;785;238;0;547
1620.0;19.515625;336423.3415714287;-3329.568706689519;644;264;0;380
1626.0;17.15625;354195.58557142864;-2116.5120951899444;565;149;0;416
1632.0;15.53125;370932.38557142863;-1279.1166698735906;527;76;0;451
1638.0;12.625;392072.07785714295;-1194.2193318984355;465;76;0;389
1644.0;12.09375;334564.761857143;-603.1361745678005;500;51;0;449
1650.0;10.859375;365359.62628571445;-916.7238327906816;530;85;0;445
1656.0;14.796875;320866.8247142859;-1348.690072125697;642;124;0;518
1662.0;16.59375;314204.8380000001;-2432.872248631087;688;235;0;453
1668.0;19.859375;342711.44214285724;-3407.086673688842;832;304;0;528
1674.0;19.265625;350311.262857143;-4898.752820291615;781;458;0;323
1680.0;23.8125;351896.54985714296;-3501.523593223479;845;344;0;501
1686.0;30.734375;333477.6537142858;-3249.560055571317;923;277;0;646
1692.0;29.703125;368098.0565714287;-2409.1805654517957;818;193;0;625
1698.0;28.375;390796.85285714304;-3093.193169762555;597;282;0;315
1704.0;26.875;317379.68185714306;-1642.7450447579613;584;156;0;428
1710.0;26.875;364280.0771428573;-1738.0295311370865;558;164;0;394
1716.0;24.25;338401.45728571445;-2185.798045730975;497;158;0;339
1722.0;24.1875;371834.9417142859;-1783.1778175697546;525;140;0;385
1728.0;22.40625;259666.74500000005;-2593.6220078358892;621;202;0;419
1734.0;21.625;299897.10442857153;-2856.435793253302;686;220;0;466
1740.0;18.046875;346634.86771428585;-2340.504564932664;581;144;0;437
1746.0;18.90625;354636.55414285726;-1510.1670921346522;568;100;1;468
1752.0;15.46875;390713.60414285725;-1091.0775855996762;524;61;1;463
1758.0;13.28125;382462.5041428573;-1001.9292568647652;500;54;2;446
1764.0;15.03125;350546.3551428574;-730.3827196511556;597;57;6;540
1770.0;16.265625;330162.93185714306;-1261.6681916022208;562;104;6;458
1776.0;19.734375;304898.1565714287;-1749.2478010722552;623;155;13;468
1782.0;18.171875;328777.01457142865;-2078.4748410984175;656;176;7;480
1788.0;16.265625;313373.77828571433;-2591.1573851051508;740;229;36;511
1794.0;15.671875;289713.2935714287;-2714.769206332334;725;230;91;495
1800.0;12.546875;335219.7437142857;-2134.495870082057;555;113;316;442
