6.0;0.0;465355.76042857143;0.0;0;12795;0;-12795
12.0;0.34375;465355.76042857143;14.519281348454257;0;0;0;0
18.0;2.96875;426088.6814285715;110.51487567157183;0;0;0;0
24.0;7.265625;410317.23628571443;172.97820921221904;0;0;0;0
30.0;10.328125;374205.9028571431;277.5582479902576;0;0;0;0
36.0;12.15625;293966.20814285724;236.85828840560112;0;0;0;0
42.0;20.46875;276048.796;18.057101304248476;0;0;0;0
48.0;16.515625;263958.40885714284;-1956.8785111927482;0;0;0;0
54.0;17.640625;267249.8458571429;-3587.5140306367393;0;0;0;0
60.0;16.46875;297634.31085714296;-3622.8485159627216;0;0;0;0
66.0;18.375;306059.0088571428;-2217.3834764242765;846;128;0;718
72.0;15.546875;329114.51542857155;-1310.1374692950703;681;76;0;605
78.0;14.90625;314922.42114285723;-579.2394631773222;600;38;0;562
84.0;13.0;329080.6685714286;-403.74547893016097;627;25;0;602
90.0;17.046875;316940.3951428573;-424.5279499939061;577;36;0;541
96.0;16.9375;316383.1895714287;-1290.6609980790709;600;71;0;529
102.0;17.234375;299377.2181428573;-1437.1883487921205;662;86;0;576
108.0;17.890625;297364.94171428576;-1973.239792761362;751;126;0;625
114.0;17.796875;277049.8772857143;-2882.1202078372808;887;133;0;754
120.0;13.03125;274309.4467142857;-2429.943801298996;723;122;0;601
126.0;9.578125;304502.5285714286;-1383.7696723527733;646;60;0;586
132.0;8.046875;320883.9191428573;-553.8947971782763;559;9;0;550
138.0;4.65625;340701.59071428585;-485.53393224411775;403;9;0;394
144.0;6.0;315670.55728571437;-301.0318173788146;475;15;0;460
150.0;4.5;331622.36771428585;-788.2347127821995;463;31;0;432
156.0;7.1875;299856.02300000016;-280.4880054603709;594;19;0;575
162.0;6.4375;301576.38685714296;-1592.6692436063568;672;108;0;564
168.0;8.796875;290126.9051428573;-1550.307404815485;803;106;0;697
174.0;9.328125;298621.01700000005;-2935.542768736803;919;177;0;742
180.0;8.59375;301791.5631428572;-2405.707904517192;927;126;0;801
186.0;8.734375;306400.19257142866;-1361.628928171136;977;96;0;881
192.0;9.53125;329648.3447142857;33.44936767675972;1067;8;0;1059
198.0;7.703125;332442.50957142864;-258.9340213855612;897;42;0;855
204.0;6.5625;318748.83614285715;-315.8239070584241;830;45;0;785
210.0;8.4375;351949.6175714287;-515.0306528235087;749;33;0;716
216.0;10.34375;307848.31885714293;-309.7822678550656;714;48;0;666
222.0;10.59375;294959.8608571429;-1836.7011264636167;629;141;0;488
228.0;13.21875;270273.9335714287;-2677.1978204243715;623;172;0;451
234.0;18.5;267199.11214285716;-2344.99218941461;761;148;0;613
240.0;17.0;255045.78842857134;-2782.957178553763;617;110;0;507
246.0;16.875;283851.7362857143;-1437.7332572834712;587;59;0;528
252.0;17.546875;306121.0598571428;-1661.4630823785337;520;57;0;463
258.0;20.796875;348558.1101428573;-348.83688119606086;610;8;0;602
264.0;19.890625;311318.8884285715;-832.4639493338618;642;58;0;584
270.0;21.84375;298378.69500000007;-1354.8140749491358;660;71;0;589
276.0;18.484375;333628.0965714287;-1524.9422838214523;622;87;0;535
282.0;15.734375;320435.9854285715;-2238.96909499116;661;114;0;547
288.0;14.90625;256894.03242857146;-1934.8070931777547;712;131;0;581
294.0;12.890625;264385.00757142866;-3333.321981710542;716;175;0;541
300.0;9.515625;305288.7178571429;-3393.597441577527;636;183;0;453
306.0;7.328125;330656.8277142858;-1369.6689276509278;702;92;0;610
312.0;4.421875;326702.8535714287;-444.4461078187014;655;22;0;633
318.0;6.125;346078.2641428572;283.8366814554902;748;6;0;742
324.0;6.09375;341256.70271428576;-304.50374161990476;807;52;0;755
330.0;5.1875;315711.8377142858;-785.46528912551;776;97;0;679
336.0;8.3125;293880.39485714294;-1239.4870976029779;885;129;0;756
342.0;10.296875;316521.36585714296;-1942.0311793800938;990;128;0;862
348.0;10.75;275990.0487142858;-2599.4504904607456;905;187;0;718
354.0;11.03125;312142.9652857143;-3181.0707828639424;831;199;0;632
360.0;9.265625;306468.9172857144;-2408.282722523072;689;143;0;546
366.0;6.625;309366.3497142858;-1447.357335370849;621;66;0;555
372.0;4.75;313259.9282857144;-622.1581800613058;439;23;0;416
378.0;4.921875;355495.0762857144;-474.94461772705836;356;12;0;344
384.0;7.734375;335770.05771428585;-360.2093529365229;438;24;0;414
390.0;8.375;329042.1371428573;-1389.002783244301;389;79;0;310
396.0;13.640625;325304.2371428572;-1267.5501121554698;524;82;0;442
402.0;17.59375;273101.7622857143;-1747.7899952478765;694;96;0;598
408.0;18.921875;297110.8058571429;-2854.3309251140017;701;187;0;514
414.0;23.328125;274482.309857143;-3117.1300850590196;801;192;0;609
420.0;24.125;284421.43285714294;-2970.7849151956616;794;160;0;634
426.0;21.34375;287449.7504285715;-3652.358504571879;621;215;0;406
432.0;18.96875;315727.0827142858;-1958.1323571825778;632;98;0;534
438.0;20.65625;297665.21314285725;-594.4764062841277;692;27;0;665
444.0;11.609375;351780.4532857143;-1381.1731277213985;647;102;0;545
450.0;11.09375;366545.4045714286;-1694.6419916480809;623;134;0;489
456.0;9.96875;297832.4392857143;-1993.0933011970337;714;176;0;538
462.0;10.5625;282354.8414285715;-2790.0488644454017;822;174;0;648
468.0;10.765625;275243.658;-1471.2710942736448;983;120;0;863
474.0;13.96875;256774.75742857132;-3263.2835398966417;964;188;0;776
480.0;12.15625;269666.0474285714;-2549.099192262962;856;171;0;685
486.0;11.125;312252.0944285716;-1782.2627630298812;791;96;0;695
492.0;9.671875;353091.40757142875;-504.28435899979377;806;11;0;795
498.0;6.796875;328450.08785714296;-43.26241837440466;666;1;0;665
504.0;5.734375;307880.54242857144;-129.77108076513105;566;2;0;564
510.0;6.75;332305.48071428586;-226.64050583000062;543;16;0;527
516.0;6.421875;331506.1714285716;-1106.344170133074;502;84;0;418
522.0;7.390625;304214.52900000004;-1610.4853459595324;496;111;0;385
528.0;8.34375;259090.20885714286;-1998.5377095085423;601;138;0;463
534.0;11.25;300447.5984285715;-3098.457659842432;636;165;0;471
540.0;10.671875;310392.27771428577;-2544.208466345459;617;105;0;512
546.0;8.0;332835.53485714295;-1043.932165584105;521;30;0;491
552.0;7.609375;337802.60228571435;-692.5586528907588;534;26;0;508
558.0;7.78125;345140.5782857143;-331.9694031441759;602;19;0;583
564.0;11.6875;309849.18471428583;-637.8173945562157;713;32;0;681
570.0;10.15625;359463.48900000023;-1404.7391540802782;737;96;0;641
576.0;12.84375;304463.2877142858;-959.9781791810237;852;82;0;770
582.0;12.828125;322442.60300000006;-1267.5802786412823;879;107;0;772
588.0;15.171875;269092.4092857143;-2099.2745456213597;960;154;0;806
594.0;13.375;295472.2568571429;-3708.631253470696;904;225;0;679
600.0;14.59375;289508.0918571429;-2002.0790117510478;938;146;0;792
606.0;17.90625;301002.2505714287;-1905.38384677071;760;142;0;618
612.0;15.84375;330162.2935714287;-2205.7897132687503;610;125;0;485
618.0;16.390625;307214.2280000001;-1085.5203902903013;633;70;0;563
624.0;17.328125;312707.2128571429;-392.6272292918875;657;30;0;627
630.0;17.953125;350765.20328571444;-938.5055599368061;660;62;0;598
636.0;19.6875;293874.1282857143;-1611.6212760680064;718;106;0;612
642.0;19.609375;307585.74685714295;-2994.348560169281;696;187;0;509
648.0;17.859375;273828.3271428572;-2400.2180111209746;789;142;0;647
654.0;17.796875;252554.0675714286;-2810.206369930529;825;132;0;693
660.0;11.25;278464.50285714294;-1856.4627935105236;674;77;0;597
666.0;9.703125;300071.540857143;-663.8505735126964;563;26;0;537
672.0;5.59375;351686.39985714294;-911.5949166205537;429;17;0;412
678.0;4.96875;307344.2572857143;-308.9300582158612;392;1;0;391
684.0;5.296875;375279.0394285716;-272.6067407268856;446;2;0;444
690.0;7.09375;322357.6910000001;-232.7089670370042;491;12;0;479
696.0;7.21875;319620.4744285715;-1472.3604465475364;568;102;0;466
702.0;8.59375;295700.25971428584;-2103.272253792471;760;121;0;639
708.0;10.859375;296807.79757142864;-2636.5898695019714;884;202;0;682
714.0;10.859375;245792.8978571428;-3753.37033865563;939;235;0;704
720.0;12.71875;287735.1265714287;-2599.5170736236323;923;162;0;761
726.0;9.640625;309369.30242857145;-1883.1873322688625;1013;102;0;911
732.0;5.828125;345189.09657142876;-237.626376492728;961;25;0;936
738.0;5.296875;355452.4230000001;20.430017837003106;772;20;0;752
744.0;4.609375;303237.7285714287;80.03861927913385;765;13;0;752
750.0;6.890625;345478.8405714287;203.08753288109438;698;1;0;697
756.0;9.140625;276903.2502857144;-197.58904993426404;724;45;0;679
762.0;14.0625;294056.0661428572;-1543.56703428959;707;97;0;610
768.0;14.0;310606.7464285715;-2340.729057888384;652;164;0;488
774.0;18.203125;281150.32771428576;-3396.200740190543;720;188;0;532
780.0;18.203125;260880.41142857142;-3962.21037523853;655;226;0;429
786.0;20.921875;281329.07528571424;-2090.3415390328446;627;103;0;524
792.0;21.734375;303905.4901428572;-1902.085295816476;591;86;0;505
798.0;21.484375;340743.73714285734;-956.1408999274427;602;31;0;571
804.0;20.203125;327501.1965714287;-1047.7306964998133;573;58;0;515
810.0;18.34375;317864.6607142858;-1255.725617011456;557;45;0;512
816.0;17.671875;288721.647;-1037.5450831964554;582;54;0;528
822.0;14.953125;305269.0987142858;-2361.904556337773;479;170;0;309
828.0;15.59375;287970.57857142866;-2711.0378801868646;623;136;0;487
834.0;16.015625;310900.2324285715;-3448.7104973867536;678;164;0;514
840.0;12.265625;297263.8750000001;-1831.6195435111586;752;96;0;656
846.0;9.890625;303986.4812857144;-1333.9222422889725;793;68;0;725
852.0;8.890625;350068.2832857144;-594.9663573675498;756;36;0;720
858.0;8.90625;340937.6968571429;197.85586730134673;837;20;0;817
864.0;7.28125;352300.1255714287;-1093.3208248385054;871;89;0;782
870.0;8.59375;317439.5544285715;-433.3054476561083;995;79;0;916
876.0;6.015625;322477.9038571429;-1768.9122549302992;813;137;0;676
882.0;9.625;293867.1424285715;-1628.6976635755273;927;127;0;800
888.0;7.75;279719.3587142857;-1767.182072194526;853;141;0;712
894.0;8.453125;249809.73528571427;-2873.6209839386574;758;183;0;575
900.0;8.015625;289494.50214285724;-2265.3294442802435;674;125;0;549
906.0;5.453125;305582.7967142858;-1648.6718954997195;524;68;0;456
912.0;4.859375;371512.4577142859;-591.8238039324642;435;20;0;415
918.0;6.640625;337119.2657142858;-604.4579780780477;422;17;0;405
924.0;8.1875;333414.83657142863;-251.09624693918158;492;1;0;491
930.0;12.953125;314282.57214285724;-418.4821844556427;609;37;0;572
936.0;12.546875;317154.8761428572;-1659.4901422286057;622;115;0;507
942.0;18.515625;285282.3057142858;-2557.928563252528;721;137;0;584
948.0;23.9375;275215.1940000001;-2676.659961139492;835;161;0;674
954.0;16.515625;303831.22300000006;-3757.1095070882;759;209;0;550
960.0;16.546875;285496.6441428572;-2774.5761404451914;681;132;0;549
966.0;14.109375;251094.44871428583;-1813.1800085154246;626;96;0;530
972.0;15.796875;311402.797857143;-1077.1424146473291;571;41;0;530
978.0;16.578125;353471.3965714287;-361.73488472151803;628;19;0;609
984.0;16.5625;332746.6207142859;-358.92472041296423;698;36;0;662
990.0;14.375;306565.3324285715;-1503.0606093341194;603;116;0;487
996.0;11.703125;311383.6702857143;-1287.8722968180664;781;121;0;660
1002.0;13.109375;310909.0435714287;-3106.0681643385906;828;207;0;621
1008.0;17.25;256686.91157142862;-2845.269770998799;1064;208;0;856
1014.0;14.6875;271353.2360000001;-4158.219800883788;996;281;0;715
1020.0;13.15625;275822.8568571429;-3220.960042651568;927;182;0;745
1026.0;11.46875;319515.9955714286;-1706.243960838765;803;79;0;724
1032.0;4.953125;331667.711857143;-324.573082618881;682;9;0;673
1038.0;5.25;342822.3351428573;-106.95258355804253;502;0;0;502
1044.0;5.5;315830.84814285726;-180.71960530342767;504;0;0;504
1050.0;5.0625;340465.57971428585;-310.59561820933595;419;2;0;417
1056.0;6.234375;313430.4988571429;-206.8791816716548;499;17;0;482
1062.0;7.546875;297081.7012857144;-1534.1712751768646;578;84;0;494
1068.0;9.546875;278184.20885714283;-2404.2567335092463;645;160;0;485
1074.0;11.859375;280044.2805714286;-1976.0054820324876;784;89;0;695
1080.0;11.46875;295272.01471428573;-2350.181993108592;708;120;0;588
1086.0;7.5625;351912.10928571445;-1937.4282516998355;586;89;0;497
1092.0;7.90625;321367.17171428585;-535.6731165793608;643;17;0;626
1098.0;8.15625;321699.95928571443;-200.9342248821631;650;0;0;650
1104.0;8.5625;312309.1281428573;-98.85386466223281;687;2;0;685
1110.0;9.734375;346820.6071428572;-130.77426078094868;740;34;0;706
1116.0;9.390625;314016.89614285727;-2288.924850499432;603;170;0;433
1122.0;10.84375;291985.3052857144;-2063.7418157822685;757;149;0;608
1128.0;14.15625;271498.5795714286;-2147.870029270416;858;157;0;701
1134.0;19.234375;274285.68657142867;-3333.17054511694;953;248;0;705
1140.0;16.578125;255135.85257142858;-3232.1023545667413;942;172;0;770
1146.0;15.953125;316194.86185714294;-2408.9159383311053;790;159;0;631
1152.0;18.15625;284834.17100000003;-1378.7533311079605;755;82;0;673
1158.0;16.515625;312873.7934285715;-1001.3871275726124;710;66;0;644
1164.0;17.484375;329553.61585714296;-989.6441046547261;785;70;0;715
1170.0;18.265625;318252.7322857144;-756.2050189077272;740;65;0;675
1176.0;18.421875;308404.3225714286;-1625.4054661095724;724;88;0;636
1182.0;14.8125;278441.03557142866;-1810.7767774492968;697;105;0;592
1188.0;13.078125;272007.0415714287;-2296.531959914777;647;131;0;516
1194.0;12.046875;274149.85071428574;-2878.156600843591;646;161;0;485
1200.0;11.8125;286252.50657142856;-2338.7986628535436;578;110;0;468
1206.0;8.859375;316954.6037142859;-2035.9781693783589;470;85;0;385
1212.0;6.390625;337037.1644285716;-848.728684458707;383;25;0;358
1218.0;5.96875;363092.69700000016;-283.90473523252876;420;0;0;420
1224.0;7.140625;332448.1875714287;-250.00032824766822;524;1;0;523
1230.0;7.984375;369217.56371428585;-430.32265592564363;580;22;0;558
1236.0;8.96875;325657.24471428583;-644.9677389533026;697;36;0;661
1242.0;12.84375;289110.2424285715;-469.24085270182695;929;45;0;884
1248.0;11.828125;266785.6715714286;-1946.1887176363962;934;119;0;815
1254.0;12.375;274951.0584285715;-2758.9420108226477;1023;173;0;850
1260.0;10.5;274989.0121428572;-1610.444140773383;970;83;0;887
1266.0;6.75;316229.05785714294;-1709.0611490143347;854;112;0;742
1272.0;3.609375;350785.9450000001;-311.9589426111197;790;30;0;760
1278.0;3.828125;337077.08428571443;334.0253290864057;744;2;0;742
1284.0;4.890625;354394.5925714287;76.7796447268338;702;29;0;673
1290.0;7.078125;354623.2400000001;-1332.757782047207;624;86;0;538
1296.0;11.4375;279139.3131428572;-244.05973406584235;726;48;0;678
1302.0;14.25;281736.94242857146;-2721.8994193816907;712;156;0;556
1308.0;16.953125;267711.487;-1933.6812876356416;810;149;0;661
1314.0;20.734375;246091.78228571426;-3293.1602697085473;837;183;0;654
1320.0;23.515625;266525.3324285715;-2547.3398446417996;867;107;0;760
1326.0;23.78125;296470.87942857144;-1426.5677520964528;700;61;0;639
1332.0;18.53125;319875.757857143;-1451.3563602411887;560;65;0;495
1338.0;20.09375;347150.9274285716;-1118.1440946155344;455;41;0;414
1344.0;17.78125;329063.55171428586;-647.8106171176769;455;42;0;413
1350.0;18.046875;330060.19542857155;-909.3081986378529;420;39;0;381
1356.0;15.609375;293663.3098571429;-1610.1701575692277;477;80;0;397
1362.0;16.203125;325787.4511428573;-2229.6023352795164;498;138;0;360
1368.0;14.65625;323733.4687142858;-3248.2322022611042;566;207;0;359
1374.0;18.359375;308253.4064285715;-2479.0508023015573;817;120;0;697
1380.0;14.34375;280005.9825714286;-2719.6338165582274;826;159;0;667
1386.0;11.765625;295055.81742857146;-2270.447812878876;859;106;0;753
1392.0;9.328125;321664.2835714287;85.75756682583597;938;1;0;937
1398.0;7.59375;338150.6715714287;97.49354528513504;920;11;0;909
1404.0;6.109375;339697.6145714287;368.6796045389492;921;0;0;921
1410.0;6.234375;285442.6622857144;416.4467009564978;972;0;0;972
1416.0;6.078125;305957.16500000015;-67.72495242673904;850;48;0;802
1422.0;4.578125;304162.20557142864;-1583.6001703937654;799;129;0;670
1428.0;6.484375;278061.20057142864;-2330.609463074594;774;162;0;612
1434.0;9.0625;265769.7732857144;-1942.4554176553502;834;141;0;693
1440.0;7.3125;284934.2531428572;-2662.911861303379;649;159;0;490
1446.0;8.28125;345719.3242857144;-1052.2185308468179;615;59;0;556
1452.0;6.28125;335204.5454285715;-812.6118881090079;497;21;0;476
1458.0;8.578125;344885.8174285716;-217.79983971023466;535;3;0;532
1464.0;9.765625;363297.17157142865;-452.1767352776369;568;28;0;540
1470.0;9.484375;329509.428857143;-1475.6718072866788;555;84;0;471
1476.0;14.0;298385.5311428573;-1361.4800770130241;633;73;0;560
1482.0;15.9375;253946.54942857145;-2197.43365328206;626;144;0;482
1488.0;14.109375;262250.78471428575;-3232.4710425924277;591;200;0;391
1494.0;23.3125;277241.0165714286;-2419.8169271727675;713;155;0;558
1500.0;19.28125;242385.55857142858;-3127.5630986072356;613;153;0;460
1506.0;15.359375;310327.59242857154;-2589.6177194993943;527;123;0;404
1512.0;13.609375;324634.8891428572;-1747.415172877314;530;80;0;450
1518.0;15.046875;310273.29471428576;-666.4194128056988;663;30;0;633
1524.0;17.78125;312246.00342857157;-460.32101288740523;737;45;0;692
1530.0;17.96875;335486.0967142858;-1051.9609920752118;812;75;0;737
1536.0;17.484375;338004.84571428585;-1459.0746269728988;964;124;0;840
1542.0;16.984375;296605.5968571429;-2824.1369319437654;1039;221;0;818
1548.0;16.796875;286956.350857143;-3561.7253679704154;1019;239;0;780
1554.0;15.59375;262256.8338571429;-3336.3451230888604;1033;211;0;822
1560.0;12.328125;275380.20971428574;-2582.516276497394;831;117;0;714
1566.0;8.203125;299273.7364285715;-689.1124094169354;770;26;0;744
1572.0;5.734375;332513.25757142866;-63.61403659614734;636;1;0;635
1578.0;3.71875;324937.1207142859;-117.66467764374102;456;0;0;456
1584.0;4.734375;337782.7074285716;-126.53887470491463;492;0;0;492
1590.0;5.359375;332662.39614285727;-250.44853797421092;470;2;0;468
1596.0;8.171875;306547.78814285726;-455.9092744117952;552;23;0;529
1602.0;9.03125;298959.9574285715;-1013.8143561120378;639;68;0;571
1608.0;12.234375;295482.7932857143;-1980.3012335230014;729;140;0;589
1614.0;11.34375;268467.4138571428;-3150.0808017786476;796;161;0;635
1620.0;11.1875;273452.0410000001;-2388.496640669473;744;136;0;608
1626.0;8.46875;285174.62328571425;-1633.536479530565;622;62;0;560
1632.0;6.8125;363445.0841428573;-719.71914846031;569;23;0;546
1638.0;6.15625;363475.79414285725;-270.20992474176455;492;5;0;487
1644.0;6.609375;317247.65214285714;-282.0440941640991;592;19;0;573
1650.0;6.9375;361688.6245714287;-806.595500527299;567;47;0;520
1656.0;7.234375;307468.9190000001;-1568.435784076748;638;124;0;514
1662.0;12.921875;275645.0885714286;-1378.8480807779124;848;124;0;724
1668.0;17.453125;268070.0648571429;-3444.8379430538043;814;227;0;587
1674.0;17.453125;235714.0294285714;-3199.866678688675;1087;197;0;890
1680.0;18.875;254800.2859999999;-3428.1086845393875;968;214;0;754
1686.0;19.84375;285228.81714285724;-1704.0565493908362;1005;94;0;911
1692.0;17.765625;319127.20271428593;-1231.0170593788498;849;59;0;790
1698.0;20.96875;326998.68428571435;-324.67651227198076;844;17;0;827
1704.0;15.078125;309700.8772857144;-467.81669156014686;754;33;0;721
1710.0;11.53125;346677.95457142877;-1007.3589945514686;573;59;0;514
1716.0;11.328125;272795.7062857143;-737.5283357220469;594;49;0;545
1722.0;11.53125;301899.4330000001;-1754.9424252306926;524;113;0;411
1728.0;12.984375;300173.79685714294;-2546.7562315384857;582;151;0;431
1734.0;11.484375;265682.57157142856;-2958.2767133868183;584;168;0;416
1740.0;12.015625;295771.3608571429;-2254.1482415833743;633;106;0;527
1746.0;9.15625;303702.5608571429;-1643.8595747340587;512;61;0;451
1752.0;6.890625;340019.889857143;-668.7882789228461;543;14;0;529
1758.0;8.546875;319647.344;-253.38297480973415;534;0;0;534
1764.0;8.390625;329944.7244285716;-265.186779700045;638;1;0;637
1770.0;10.5;341084.0754285716;-192.57406634377548;694;1;0;693
1776.0;10.609375;339651.0521428573;-262.32078477641335;786;40;1;746
1782.0;9.140625;303507.7161428572;-1698.319580718642;706;113;2;593
1788.0;8.734375;312548.17942857154;-2536.6154066994204;816;162;11;654
1794.0;7.4375;311306.47228571447;-3053.7094704445917;795;163;38;632
1800.0;6.890625;300568.44771428575;-2377.0156967220246;546;101;290;445
